// Bun Snapshot v1, https://bun.sh/docs/test/snapshots

exports[`coverage hash stable 1`] = `"d93de71631997d9302d1776a2b2c22d54cf2e6108b8c3642a3f009805b343ef8"`;
