// Bun Snapshot v1, https://bun.sh/docs/test/snapshots

exports[`env snapshot 1`] = `
{
  "AI_HANDLER_WRITE": "false",
  "CITADEL_TELEMETRY_URL": undefined,
  "JWT_SECRET": undefined,
  "NODE_ENV": "test",
  "PORT": undefined,
  "SESSION_SECRET": undefined,
}
`;
